// Jest Snapshot v1, https://goo.gl/fbAQLP

exports[`Card Component renders 1`] = `
<div>
  <div
    class="hack-idea--card card"
  >
    <div
      class="card-content"
    >
      <span
        class="card-title"
      >
        idea 1
      </span>
      <p>
        idea 1
      </p>
      <div
        class="card-chips"
      >
        <div
          class="chip"
        >
          tag1
        </div>
        <div
          class="chip"
        >
          tag2
        </div>
      </div>
    </div>
    <div
      class="card-action"
    >
      <a
        class="card-action--button  disabled"
      >
        <i
          class="material-icons"
        >
          thumb_up
        </i>
      </a>
    </div>
  </div>
</div>
`;
